Flutter crash report.
Please report a bug at https://github.com/flutter/flutter/issues.

## command

flutter test --no-pub test/anki test/application

## exception

_TypeError: Null check operator used on a null value

```
#0      computeTransitiveDependencies (package:flutter_tools/src/package_graph.dart:69:29)
#1      ManifestAssetBundle.build (package:flutter_tools/src/asset.dart:427:53)
<asynchronous suspension>
#2      TestCommand._buildTestAsset (package:flutter_tools/src/commands/test.dart:791:23)
<asynchronous suspension>
#3      TestCommand.runCommand (package:flutter_tools/src/commands/test.dart:497:7)
<asynchronous suspension>
#4      FlutterCommand.run.<anonymous closure> (package:flutter_tools/src/runner/flutter_command.dart:1630:27)
<asynchronous suspension>
#5      AppContext.run.<anonymous closure> (package:flutter_tools/src/base/context.dart:154:19)
<asynchronous suspension>
#6      CommandRunner.runCommand (package:args/command_runner.dart:212:13)
<asynchronous suspension>
#7      FlutterCommandRunner.runCommand.<anonymous closure> (package:flutter_tools/src/runner/flutter_command_runner.dart:496:9)
<asynchronous suspension>
#8      AppContext.run.<anonymous closure> (package:flutter_tools/src/base/context.dart:154:19)
<asynchronous suspension>
#9      FlutterCommandRunner.runCommand (package:flutter_tools/src/runner/flutter_command_runner.dart:431:5)
<asynchronous suspension>
#10     FlutterCommandRunner.run.<anonymous closure> (package:flutter_tools/src/runner/flutter_command_runner.dart:307:33)
<asynchronous suspension>
#11     run.<anonymous closure>.<anonymous closure> (package:flutter_tools/runner.dart:104:11)
<asynchronous suspension>
#12     AppContext.run.<anonymous closure> (package:flutter_tools/src/base/context.dart:154:19)
<asynchronous suspension>
#13     main (package:flutter_tools/executable.dart:103:3)
<asynchronous suspension>
```

## flutter doctor

```
[✓] Flutter (Channel stable, 3.44.5, on Microsoft Windows [版本 10.0.26200.8875], locale zh-CN) [742ms]
    • Flutter version 3.44.5 on channel stable at C:\Users\DsDogs\Desktop\developper\flutter
    • Upstream repository https://github.com/flutter/flutter.git
    • Framework revision f94f4fc76b (3 weeks ago), 2026-07-06 11:19:24 -0700
    • Engine revision 83675ed276
    • Dart version 3.12.2
    • DevTools version 2.57.0
    • Feature flags: enable-web, enable-linux-desktop, enable-macos-desktop, enable-windows-desktop, enable-android, enable-ios, cli-animations, enable-native-assets, enable-swift-package-manager, omit-legacy-version-file, enable-lldb-debugging, enable-uiscene-migration

[✓] Windows Version (11 专业版 64-bit, 25H2, 2009) [2.1s]

[!] Android toolchain - develop for Android devices (Android SDK version 35.0.1) [944ms]
    • Android SDK at C:\Users\DsDogs\AppData\Local\Android\sdk
    • Emulator version 35.3.11.0 (build_id 12836668) (CL:N/A)
    ✗ cmdline-tools component is missing.
      Try installing or updating Android Studio.
      Alternatively, download the tools from https://developer.android.com/studio#command-line-tools-only and make sure to set the ANDROID_HOME environment variable.
      See https://developer.android.com/studio/command-line for more details.
    ✗ Android license status unknown.
      Run `flutter doctor --android-licenses` to accept the SDK licenses.
      See https://flutter.dev/to/windows-android-setup for more details.

[✗] Chrome - develop for the web (Cannot find Chrome executable at .\Google\Chrome\Application\chrome.exe) [24ms]
    ! Cannot find Chrome. Try setting CHROME_EXECUTABLE to a Chrome executable.

[✗] Visual Studio - develop Windows apps [20ms]
    ✗ Visual Studio not installed; this is necessary to develop Windows apps.
      Download at https://visualstudio.microsoft.com/downloads/.
      Please install the "Desktop development with C++" workload, including all of its default components

[✓] Connected device (2 available) [300ms]
    • Windows (desktop) • windows • windows-x64    • Microsoft Windows [版本 10.0.26200.8875]
    • Edge (web)        • edge    • web-javascript • Microsoft Edge 150.0.4078.99

[!] Network resources [21.2s]
    ✗ A network error occurred while checking "https://maven.google.com/": 信号灯超时时间已到
    ✗ A network error occurred while checking "https://github.com/": 信号灯超时时间已到

! Doctor found issues in 4 categories.
```
